Archive member included because of file (symbol)

/usr/bin/../lib/gcc/arm-none-eabi/4.9.3/../../../../arm-none-eabi/lib/armv7e-m/fpu/libm.a(lib_a-sf_cos.o)
                              build/obj/digital_filter.o (cosf)
/usr/bin/../lib/gcc/arm-none-eabi/4.9.3/../../../../arm-none-eabi/lib/armv7e-m/fpu/libm.a(lib_a-sf_round.o)
                              build/obj/ledpwm.o (roundf)
/usr/bin/../lib/gcc/arm-none-eabi/4.9.3/../../../../arm-none-eabi/lib/armv7e-m/fpu/libm.a(lib_a-sf_sin.o)
                              build/obj/digital_filter.o (sinf)
/usr/bin/../lib/gcc/arm-none-eabi/4.9.3/../../../../arm-none-eabi/lib/armv7e-m/fpu/libm.a(lib_a-w_sqrt.o)
                              build/obj/digital_filter.o (sqrt)
/usr/bin/../lib/gcc/arm-none-eabi/4.9.3/../../../../arm-none-eabi/lib/armv7e-m/fpu/libm.a(lib_a-wf_asin.o)
                              build/obj/mcpwm.o (asinf)
/usr/bin/../lib/gcc/arm-none-eabi/4.9.3/../../../../arm-none-eabi/lib/armv7e-m/fpu/libm.a(lib_a-wf_atan2.o)
                              build/obj/mcpwm_foc.o (atan2f)
/usr/bin/../lib/gcc/arm-none-eabi/4.9.3/../../../../arm-none-eabi/lib/armv7e-m/fpu/libm.a(lib_a-wf_fmod.o)
                              build/obj/utils.o (fmodf)
/usr/bin/../lib/gcc/arm-none-eabi/4.9.3/../../../../arm-none-eabi/lib/armv7e-m/fpu/libm.a(lib_a-wf_log.o)
                              build/obj/commands.o (logf)
/usr/bin/../lib/gcc/arm-none-eabi/4.9.3/../../../../arm-none-eabi/lib/armv7e-m/fpu/libm.a(lib_a-wf_pow.o)
                              build/obj/ledpwm.o (powf)
/usr/bin/../lib/gcc/arm-none-eabi/4.9.3/../../../../arm-none-eabi/lib/armv7e-m/fpu/libm.a(lib_a-wf_sincos.o)
                              build/obj/mcpwm_foc.o (sincosf)
/usr/bin/../lib/gcc/arm-none-eabi/4.9.3/../../../../arm-none-eabi/lib/armv7e-m/fpu/libm.a(lib_a-wf_sqrt.o)
                              build/obj/mcpwm.o (sqrtf)
/usr/bin/../lib/gcc/arm-none-eabi/4.9.3/../../../../arm-none-eabi/lib/armv7e-m/fpu/libm.a(lib_a-e_sqrt.o)
                              /usr/bin/../lib/gcc/arm-none-eabi/4.9.3/../../../../arm-none-eabi/lib/armv7e-m/fpu/libm.a(lib_a-w_sqrt.o) (__ieee754_sqrt)
/usr/bin/../lib/gcc/arm-none-eabi/4.9.3/../../../../arm-none-eabi/lib/armv7e-m/fpu/libm.a(lib_a-ef_asin.o)
                              /usr/bin/../lib/gcc/arm-none-eabi/4.9.3/../../../../arm-none-eabi/lib/armv7e-m/fpu/libm.a(lib_a-wf_asin.o) (__ieee754_asinf)
/usr/bin/../lib/gcc/arm-none-eabi/4.9.3/../../../../arm-none-eabi/lib/armv7e-m/fpu/libm.a(lib_a-ef_atan2.o)
                              /usr/bin/../lib/gcc/arm-none-eabi/4.9.3/../../../../arm-none-eabi/lib/armv7e-m/fpu/libm.a(lib_a-wf_atan2.o) (__ieee754_atan2f)
/usr/bin/../lib/gcc/arm-none-eabi/4.9.3/../../../../arm-none-eabi/lib/armv7e-m/fpu/libm.a(lib_a-ef_fmod.o)
                              /usr/bin/../lib/gcc/arm-none-eabi/4.9.3/../../../../arm-none-eabi/lib/armv7e-m/fpu/libm.a(lib_a-wf_fmod.o) (__ieee754_fmodf)
/usr/bin/../lib/gcc/arm-none-eabi/4.9.3/../../../../arm-none-eabi/lib/armv7e-m/fpu/libm.a(lib_a-ef_log.o)
                              /usr/bin/../lib/gcc/arm-none-eabi/4.9.3/../../../../arm-none-eabi/lib/armv7e-m/fpu/libm.a(lib_a-wf_log.o) (__ieee754_logf)
/usr/bin/../lib/gcc/arm-none-eabi/4.9.3/../../../../arm-none-eabi/lib/armv7e-m/fpu/libm.a(lib_a-ef_pow.o)
                              /usr/bin/../lib/gcc/arm-none-eabi/4.9.3/../../../../arm-none-eabi/lib/armv7e-m/fpu/libm.a(lib_a-wf_pow.o) (__ieee754_powf)
/usr/bin/../lib/gcc/arm-none-eabi/4.9.3/../../../../arm-none-eabi/lib/armv7e-m/fpu/libm.a(lib_a-ef_rem_pio2.o)
                              /usr/bin/../lib/gcc/arm-none-eabi/4.9.3/../../../../arm-none-eabi/lib/armv7e-m/fpu/libm.a(lib_a-sf_cos.o) (__ieee754_rem_pio2f)
/usr/bin/../lib/gcc/arm-none-eabi/4.9.3/../../../../arm-none-eabi/lib/armv7e-m/fpu/libm.a(lib_a-ef_sqrt.o)
                              /usr/bin/../lib/gcc/arm-none-eabi/4.9.3/../../../../arm-none-eabi/lib/armv7e-m/fpu/libm.a(lib_a-wf_sqrt.o) (__ieee754_sqrtf)
/usr/bin/../lib/gcc/arm-none-eabi/4.9.3/../../../../arm-none-eabi/lib/armv7e-m/fpu/libm.a(lib_a-kf_cos.o)
                              /usr/bin/../lib/gcc/arm-none-eabi/4.9.3/../../../../arm-none-eabi/lib/armv7e-m/fpu/libm.a(lib_a-sf_cos.o) (__kernel_cosf)
/usr/bin/../lib/gcc/arm-none-eabi/4.9.3/../../../../arm-none-eabi/lib/armv7e-m/fpu/libm.a(lib_a-kf_rem_pio2.o)
                              /usr/bin/../lib/gcc/arm-none-eabi/4.9.3/../../../../arm-none-eabi/lib/armv7e-m/fpu/libm.a(lib_a-ef_rem_pio2.o) (__kernel_rem_pio2f)
/usr/bin/../lib/gcc/arm-none-eabi/4.9.3/../../../../arm-none-eabi/lib/armv7e-m/fpu/libm.a(lib_a-kf_sin.o)
                              /usr/bin/../lib/gcc/arm-none-eabi/4.9.3/../../../../arm-none-eabi/lib/armv7e-m/fpu/libm.a(lib_a-sf_cos.o) (__kernel_sinf)
/usr/bin/../lib/gcc/arm-none-eabi/4.9.3/../../../../arm-none-eabi/lib/armv7e-m/fpu/libm.a(lib_a-s_fpclassify.o)
[...]
Memory Configuration

Name             Origin             Length             Attributes
flash            0x0000000008000000 0x0000000000004000
flash2           0x000000000800c000 0x0000000000078000
ram0             0x0000000020000000 0x0000000000020000
ram1             0x0000000020000000 0x000000000001c000
ram2             0x000000002001c000 0x0000000000004000
ram3             0x0000000000000000 0x0000000000000000
ram4             0x0000000010000000 0x0000000000010000
ram5             0x0000000040024000 0x0000000000001000
ram6             0x0000000000000000 0x0000000000000000
ram7             0x0000000000000000 0x0000000000000000
*default*        0x0000000000000000 0xffffffffffffffff

Linker script and memory map

LOAD build/obj/crt0_v7m.o
LOAD build/obj/chcoreasm_v7m.o
LOAD build/obj/crt1.o
LOAD build/obj/vectors.o
LOAD build/obj/chsys.o
LOAD build/obj/chdebug.o
LOAD build/obj/chvt.o
LOAD build/obj/chschd.o
LOAD build/obj/chthreads.o
LOAD build/obj/chtm.o
LOAD build/obj/chdynamic.o
LOAD build/obj/chregistry.o
LOAD build/obj/chsem.o
LOAD build/obj/chmtx.o
LOAD build/obj/chcond.o
LOAD build/obj/chevents.o
LOAD build/obj/chmsg.o
LOAD build/obj/chmboxes.o
LOAD build/obj/chqueues.o
LOAD build/obj/chmemcore.o
LOAD build/obj/chheap.o
LOAD build/obj/chmempools.o
LOAD build/obj/chcore.o
LOAD build/obj/chcore_v7m.o
LOAD build/obj/osal.o
LOAD build/obj/hal.o
LOAD build/obj/st.o
LOAD build/obj/hal_queues.o
LOAD build/obj/hal_mmcsd.o
LOAD build/obj/can.o
LOAD build/obj/i2c.o
LOAD build/obj/icu.o
LOAD build/obj/pal.o
LOAD build/obj/serial_usb.o
LOAD build/obj/uart.o
LOAD build/obj/usb.o
LOAD build/obj/nvic.o
LOAD build/obj/stm32_dma.o
LOAD build/obj/hal_lld.o
LOAD build/obj/st_lld.o
LOAD build/obj/can_lld.o
LOAD build/obj/pal_lld.o
LOAD build/obj/i2c_lld.o
LOAD build/obj/usb_lld.o
LOAD build/obj/icu_lld.o
LOAD build/obj/uart_lld.o
LOAD build/obj/board.o
LOAD build/obj/chprintf.o
LOAD build/obj/syscalls.o
LOAD build/obj/main.o
LOAD build/obj/comm_usb_serial.o
LOAD build/obj/irq_handlers.o
LOAD build/obj/buffer.o
LOAD build/obj/comm_usb.o
LOAD build/obj/crc.o
LOAD build/obj/digital_filter.o
LOAD build/obj/ledpwm.o
LOAD build/obj/mcpwm.o
LOAD build/obj/servo_dec.o
LOAD build/obj/utils.o
LOAD build/obj/servo.o
LOAD build/obj/servo_simple.o
LOAD build/obj/packet.o
LOAD build/obj/terminal.o
LOAD build/obj/conf_general.o
LOAD build/obj/eeprom.o
LOAD build/obj/commands.o
LOAD build/obj/timeout.o
LOAD build/obj/comm_can.o
LOAD build/obj/ws2811.o
LOAD build/obj/led_external.o
LOAD build/obj/encoder.o
LOAD build/obj/flash_helper.o
LOAD build/obj/mc_interface.o
LOAD build/obj/mcpwm_foc.o
LOAD build/obj/hw_40.o
LOAD build/obj/hw_45.o
LOAD build/obj/hw_r2.o
LOAD build/obj/hw_46.o
LOAD build/obj/hw_48.o
LOAD build/obj/hw_49.o
LOAD build/obj/hw_410.o
LOAD build/obj/hw_victor_r1a.o
LOAD build/obj/app.o
LOAD build/obj/app_ppm.o
LOAD build/obj/app_adc.o
LOAD build/obj/app_sten.o
LOAD build/obj/app_uartcomm.o
LOAD build/obj/app_nunchuk.o
LOAD build/obj/spi_sw.o
LOAD build/obj/rf.o
LOAD build/obj/rfhelp.o
LOAD build/obj/nrf_driver.o
LOAD build/obj/misc.o
LOAD build/obj/stm32f4xx_adc.o
LOAD build/obj/stm32f4xx_dma.o
LOAD build/obj/stm32f4xx_exti.o
LOAD build/obj/stm32f4xx_flash.o
LOAD build/obj/stm32f4xx_rcc.o
LOAD build/obj/stm32f4xx_syscfg.o
LOAD build/obj/stm32f4xx_tim.o
LOAD build/obj/stm32f4xx_wwdg.o
                0x0000000020000000                __ram0_start__ = ORIGIN (ram0)
                0x0000000000020000                __ram0_size__ = 0x20000
                0x0000000020020000                __ram0_end__ = (__ram0_start__ + __ram0_size__)
                0x0000000020000000                __ram1_start__ = ORIGIN (ram1)
                0x000000000001c000                __ram1_size__ = 0x1c000
                0x000000002001c000                __ram1_end__ = (__ram1_start__ + __ram1_size__)
                0x000000002001c000                __ram2_start__ = ORIGIN (ram2)
                0x0000000000004000                __ram2_size__ = 0x4000
                0x0000000020020000                __ram2_end__ = (__ram2_start__ + __ram2_size__)
                0x0000000000000000                __ram3_start__ = ORIGIN (ram3)
                0x0000000000000000                __ram3_size__ = 0x0
                0x0000000000000000                __ram3_end__ = (__ram3_start__ + __ram3_size__)
                0x0000000010000000                __ram4_start__ = ORIGIN (ram4)
                0x0000000000010000                __ram4_size__ = 0x10000
                0x0000000010010000                __ram4_end__ = (__ram4_start__ + __ram4_size__)
                0x0000000040024000                __ram5_start__ = ORIGIN (ram5)
                0x0000000000001000                __ram5_size__ = 0x1000
                0x0000000040025000                __ram5_end__ = (__ram5_start__ + __ram5_size__)
                0x0000000000000000                __ram6_start__ = ORIGIN (ram6)
                0x0000000000000000                __ram6_size__ = 0x0
                0x0000000000000000                __ram6_end__ = (__ram6_start__ + __ram6_size__)
                0x0000000000000000                __ram7_start__ = ORIGIN (ram7)
                0x0000000000000000                __ram7_size__ = 0x0
                0x0000000000000000                __ram7_end__ = (__ram7_start__ + __ram7_size__)
                0x0000000000000000                . = 0x0
                0x0000000000000000                _text = .

startup         0x0000000008000000      0x1c0
 *(.vectors)
 .vectors       0x0000000008000000      0x1c0 build/obj/vectors.o
                0x0000000008000000                _vectors

constructors    0x000000000800c000        0x0
                0x000000000800c000                PROVIDE (__init_array_start, .)
 *(SORT(.init_array.*))
 *(.init_array)
                0x000000000800c000                PROVIDE (__init_array_end, .)

destructors     0x000000000800c000        0x0
                0x000000000800c000                PROVIDE (__fini_array_start, .)
 *(.fini_array)
 *(SORT(.fini_array.*))
                0x000000000800c000                PROVIDE (__fini_array_end, .)

.text           0x000000000800c000    0x21b28
 *(.text)
 .text          0x000000000800c000      0x108 build/obj/crt0_v7m.o
                0x000000000800c000                Reset_Handler
 *fill*         0x000000000800c108        0x8 
 .text          0x000000000800c110       0x30 build/obj/chcoreasm_v7m.o
                0x000000000800c110                _port_switch
                0x000000000800c128                _port_thread_start
                0x000000000800c138                _port_switch_from_isr
                0x000000000800c13c                _port_exit_from_isr
 .text          0x000000000800c140      0x370 /usr/bin/../lib/gcc/arm-none-eabi/4.9.3/armv7e-m/fpu/libgcc.a(_arm_addsubdf3.o)
                0x000000000800c140                __aeabi_drsub
                0x000000000800c148                __aeabi_dsub
                0x000000000800c148                __subdf3
                0x000000000800c14c                __adddf3
                0x000000000800c14c                __aeabi_dadd
                0x000000000800c3c4                __aeabi_ui2d
                0x000000000800c3c4                __floatunsidf
                0x000000000800c3e4                __floatsidf
                0x000000000800c3e4                __aeabi_i2d
                0x000000000800c408                __extendsfdf2
                0x000000000800c408                __aeabi_f2d
                0x000000000800c444                __aeabi_ul2d
                0x000000000800c444                __floatundidf
                0x000000000800c454                __floatdidf
                0x000000000800c454                __aeabi_l2d
 .text          0x000000000800c4b0      0x424 /usr/bin/../lib/gcc/arm-none-eabi/4.9.3/armv7e-m/fpu/libgcc.a(_arm_muldivdf3.o)
                0x000000000800c4b0                __aeabi_dmul
                0x000000000800c4b0                __muldf3
                0x000000000800c704                __aeabi_ddiv
                0x000000000800c704                __divdf3
 *fill*         0x000000000800c8d4        0xc 
 .text          0x000000000800c8e0      0x110 /usr/bin/../lib/gcc/arm-none-eabi/4.9.3/armv7e-m/fpu/libgcc.a(_arm_cmpdf2.o)
                0x000000000800c8e0                __gtdf2
                0x000000000800c8e0                __gedf2
                0x000000000800c8e8                __ltdf2
                0x000000000800c8e8                __ledf2
                0x000000000800c8f0                __cmpdf2
                0x000000000800c8f0                __eqdf2
                0x000000000800c8f0                __nedf2
                0x000000000800c96c                __aeabi_cdrcmple
                0x000000000800c97c                __aeabi_cdcmple
                0x000000000800c97c                __aeabi_cdcmpeq
                0x000000000800c98c                __aeabi_dcmpeq
                0x000000000800c9a0                __aeabi_dcmplt
                0x000000000800c9b4                __aeabi_dcmple
                0x000000000800c9c8                __aeabi_dcmpge
                0x000000000800c9dc                __aeabi_dcmpgt
 .text          0x000000000800c9f0       0x50 /usr/bin/../lib/gcc/arm-none-eabi/4.9.3/armv7e-m/fpu/libgcc.a(_arm_fixdfsi.o)
                0x000000000800c9f0                __fixdfsi
                0x000000000800c9f0                __aeabi_d2iz
 .text          0x000000000800ca40       0xa0 /usr/bin/../lib/gcc/arm-none-eabi/4.9.3/armv7e-m/fpu/libgcc.a(_arm_truncdfsf2.o)
                0x000000000800ca40                __aeabi_d2f
                0x000000000800ca40                __truncdfsf2
 .text          0x000000000800cae0      0x134 /usr/bin/../lib/gcc/arm-none-eabi/4.9.3/../../../../arm-none-eabi/lib/armv7e-m/fpu/libg.a(lib_a-memcpy.o)
                0x000000000800cae0                memcpy
 *fill*         0x000000000800cc14        0xc 
 .text          0x000000000800cc20      0x2dc /usr/bin/../lib/gcc/arm-none-eabi/4.9.3/../../../../arm-none-eabi/lib/armv7e-m/fpu/libg.a(lib_a-strcmp.o)
                0x000000000800cc28                strcmp
 *fill*         0x000000000800cefc        0x4 
 .text          0x000000000800cf00       0x40 /usr/bin/../lib/gcc/arm-none-eabi/4.9.3/armv7e-m/fpu/libgcc.a(_arm_fixunsdfsi.o)
                0x000000000800cf00                __fixunsdfsi
                0x000000000800cf00                __aeabi_d2uiz
 .text          0x000000000800cf40       0x30 /usr/bin/../lib/gcc/arm-none-eabi/4.9.3/armv7e-m/fpu/libgcc.a(_aeabi_uldivmod.o)
                0x000000000800cf40                __aeabi_uldivmod
 .text          0x000000000800cf70       0x60 /usr/bin/../lib/gcc/arm-none-eabi/4.9.3/armv7e-m/fpu/libgcc.a(bpabi.o)
                0x000000000800cf70                __gnu_ldivmod_helper
                0x000000000800cfa0                __gnu_uldivmod_helper
 .text          0x000000000800cfd0        0x4 /usr/bin/../lib/gcc/arm-none-eabi/4.9.3/armv7e-m/fpu/libgcc.a(_dvmd_tls.o)
                0x000000000800cfd0                __aeabi_ldiv0
                0x000000000800cfd0                __aeabi_idiv0
 *fill*         0x000000000800cfd4        0xc 
 .text          0x000000000800cfe0      0x29c /usr/bin/../lib/gcc/arm-none-eabi/4.9.3/armv7e-m/fpu/libgcc.a(_divdi3.o)
                0x000000000800cfe0                __divdi3
 *fill*         0x000000000800d27c        0x4 
 .text          0x000000000800d280      0x26c /usr/bin/../lib/gcc/arm-none-eabi/4.9.3/armv7e-m/fpu/libgcc.a(_udivdi3.o)
                0x000000000800d280                __udivdi3
 *(.text.*)
 *fill*         0x000000000800d4ec        0x4 
 .text.__core_init
                0x000000000800d4f0        0x4 build/obj/crt1.o
                0x000000000800d4f0                __core_init
 *fill*         0x000000000800d4f4        0xc 
 .text.__late_init
                0x000000000800d500        0x4 build/obj/crt1.o
                0x000000000800d500                __late_init
 *fill*         0x000000000800d504        0xc 
 .text.__default_exit
                0x000000000800d510        0x4 build/obj/crt1.o
                0x000000000800d510                __default_exit
 *fill*         0x000000000800d514        0xc 
 .text._unhandled_exception
                0x000000000800d520        0x4 build/obj/vectors.o
                0x000000000800d520                Vector58
                0x000000000800d520                VectorE8
                0x000000000800d520                Vector9C
                0x000000000800d520                VectorAC
                0x000000000800d520                DebugMon_Handler
                0x000000000800d520                Vector1A0
                0x000000000800d520                Vector5C
                0x000000000800d520                Vector11C
                0x000000000800d520                HardFault_Handler
                0x000000000800d520                Vector1B8
                0x000000000800d520                Vector19C
                0x000000000800d520                PendSV_Handler
                0x000000000800d520                Vector168
                0x000000000800d520                NMI_Handler
                0x000000000800d520                Vector110
                0x000000000800d520                VectorA8
                0x000000000800d520                Vector160
                0x000000000800d520                Vector1B0
                0x000000000800d520                UsageFault_Handler
                0x000000000800d520                VectorEC
                0x000000000800d520                Vector40
                0x000000000800d520                VectorF8
                0x000000000800d520                Vector108
                0x000000000800d520                VectorBC
                0x000000000800d520                Vector190
                0x000000000800d520                Vector148
                0x000000000800d520                Vector188
                0x000000000800d520                Vector198
                0x000000000800d520                Vector118
                0x000000000800d520                Vector64
                0x000000000800d520                VectorCC
                0x000000000800d520                Vector54
                0x000000000800d520                VectorD8
                0x000000000800d520                Vector138
                0x000000000800d520                Vector24
                0x000000000800d520                Vector1AC
                0x000000000800d520                Vector178
                0x000000000800d520                Vector1A4
                0x000000000800d520                VectorD0
                0x000000000800d520                Vector1B4
                0x000000000800d520                Vector140
                0x000000000800d520                VectorE4
                0x000000000800d520                VectorC0
                0x000000000800d520                Vector134
                0x000000000800d520                VectorF0
                0x000000000800d520                Vector13C
                0x000000000800d520                Vector100
                0x000000000800d520                VectorF4
                0x000000000800d520                MemManage_Handler
                0x000000000800d520                VectorA0
                0x000000000800d520                Vector180
                0x000000000800d520                VectorB0
                0x000000000800d520                Vector114
                0x000000000800d520                Vector164
                0x000000000800d520                Vector60
                0x000000000800d520                Vector1C
                0x000000000800d520                Vector1BC
                0x000000000800d520                Vector17C
                0x000000000800d520                Vector48
                0x000000000800d520                Vector1A8
                0x000000000800d520                Vector16C
                0x000000000800d520                VectorD4
                0x000000000800d520                Vector4C
                0x000000000800d520                Vector144
                0x000000000800d520                Vector68
                0x000000000800d520                _unhandled_exception
                0x000000000800d520                Vector170
                0x000000000800d520                Vector104
                0x000000000800d520                Vector184
                0x000000000800d520                Vector10C
                0x000000000800d520                BusFault_Handler
                0x000000000800d520                Vector50
                0x000000000800d520                Vector194
                0x000000000800d520                Vector44
                0x000000000800d520                Vector28
                0x000000000800d520                VectorB8
                0x000000000800d520                Vector34
                0x000000000800d520                VectorA4
                0x000000000800d520                Vector20
                0x000000000800d520                Vector18C
                0x000000000800d520                Vector174
 *fill*         0x000000000800d524        0xc 
 .text._idle_thread
                0x000000000800d530        0x4 build/obj/chsys.o
 *fill*         0x000000000800d534        0xc 
 .text.chSysInit
                0x000000000800d540       0xa4 build/obj/chsys.o
                0x000000000800d540                chSysInit
 *fill*         0x000000000800d5e4        0xc 
 .text.chSysHalt
                0x000000000800d5f0        0xc build/obj/chsys.o
                0x000000000800d5f0                chSysHalt
 *fill*         0x000000000800d5fc        0x4 
 .text.chSysTimerHandlerI
                0x000000000800d600       0x58 build/obj/chsys.o
                0x000000000800d600                chSysTimerHandlerI
 *fill*         0x000000000800d658        0x8 
 .text.chSysPolledDelayX
                0x000000000800d660       0x14 build/obj/chsys.o
                0x000000000800d660                chSysPolledDelayX
 *fill*         0x000000000800d674        0xc 
 .text._vt_init
                0x000000000800d680       0x1c build/obj/chvt.o
                0x000000000800d680                _vt_init
 *fill*         0x000000000800d69c        0x4 
 .text.chVTDoSetI
                0x000000000800d6a0       0x3c build/obj/chvt.o
                0x000000000800d6a0                chVTDoSetI
 *fill*         0x000000000800d6dc        0x4 
 .text.chVTDoResetI
                0x000000000800d6e0       0x28 build/obj/chvt.o
                0x000000000800d6e0                chVTDoResetI
 *fill*         0x000000000800d708        0x8 
 .text.wakeup   0x000000000800d710       0x70 build/obj/chschd.o
 .text._scheduler_init
                0x000000000800d780       0x14 build/obj/chschd.o
                0x000000000800d780                _scheduler_init
 *fill*         0x000000000800d794        0xc 
 .text.chSchReadyI
                0x000000000800d7a0       0x2c build/obj/chschd.o
                0x000000000800d7a0                chSchReadyI
 *fill*         0x000000000800d7cc        0x4 
 .text.chSchGoSleepS
                0x000000000800d7d0       0x28 build/obj/chschd.o
                0x000000000800d7d0                chSchGoSleepS
 *fill*         0x000000000800d7f8        0x8 
 .text.chSchGoSleepTimeoutS
                0x000000000800d800       0x44 build/obj/chschd.o
                0x000000000800d800                chSchGoSleepTimeoutS
 *fill*         0x000000000800d844        0xc 
 .text.chSchWakeupS
                0x000000000800d850       0x58 build/obj/chschd.o
                0x000000000800d850                chSchWakeupS
 *fill*         0x000000000800d8a8        0x8 
 .text.chSchIsPreemptionRequired
                0x000000000800d8b0       0x28 build/obj/chschd.o
                0x000000000800d8b0                chSchIsPreemptionRequired
 *fill*         0x000000000800d8d8        0x8 
 .text.chSchDoRescheduleBehind
                0x000000000800d8e0       0x40 build/obj/chschd.o
                0x000000000800d8e0                chSchDoRescheduleBehind
 .text.chSchDoRescheduleAhead
                0x000000000800d920       0x3c build/obj/chschd.o
                0x000000000800d920                chSchDoRescheduleAhead
 *fill*         0x000000000800d95c        0x4 
 .text.chSchRescheduleS
                0x000000000800d960       0x18 build/obj/chschd.o
                0x000000000800d960                chSchRescheduleS
 *fill*         0x000000000800d978        0x8 
 .text.chSchDoReschedule
                0x000000000800d980       0x14 build/obj/chschd.o
                0x000000000800d980                chSchDoReschedule
 *fill*         0x000000000800d994        0xc 
 .text._thread_init
                0x000000000800d9a0       0x50 build/obj/chthreads.o
                0x000000000800d9a0                _thread_init
 .text.chThdCreateI
                0x000000000800d9f0       0x70 build/obj/chthreads.o
                0x000000000800d9f0                chThdCreateI
 .text.chThdCreateStatic
                0x000000000800da60       0x80 build/obj/chthreads.o
                0x000000000800da60                chThdCreateStatic
 .text.chThdSleep
                0x000000000800dae0       0x18 build/obj/chthreads.o
                0x000000000800dae0                chThdSleep
 *fill*         0x000000000800daf8        0x8 
 .text.chThdExitS
                0x000000000800db00       0x40 build/obj/chthreads.o
                0x000000000800db00                chThdExitS
 .text.chThdExit
                0x000000000800db40        0xc build/obj/chthreads.o
                0x000000000800db40                chThdExit
 *fill*         0x000000000800db4c        0x4 
 .text.chThdSuspendS
                0x000000000800db50       0x1c build/obj/chthreads.o
                0x000000000800db50                chThdSuspendS
 *fill*         0x000000000800db6c        0x4 
 .text.chThdSuspendTimeoutS
                0x000000000800db70       0x1c build/obj/chthreads.o
                0x000000000800db70                chThdSuspendTimeoutS
 *fill*         0x000000000800db8c        0x4 
 .text.chThdResumeI
                0x000000000800db90       0x14 build/obj/chthreads.o
                0x000000000800db90                chThdResumeI
 *fill*         0x000000000800dba4        0xc 
 .text.chThdEnqueueTimeoutS
                0x000000000800dbb0       0x28 build/obj/chthreads.o
                0x000000000800dbb0                chThdEnqueueTimeoutS
 *fill*         0x000000000800dbd8        0x8 
 .text.chThdDequeueAllI
                0x000000000800dbe0       0x24 build/obj/chthreads.o
                0x000000000800dbe0                chThdDequeueAllI
 *fill*         0x000000000800dc04        0xc 
 .text.chTMStartMeasurementX
                0x000000000800dc10        0xc build/obj/chtm.o
                0x000000000800dc10                chTMStartMeasurementX
 *fill*         0x000000000800dc1c        0x4 
 .text.chTMStopMeasurementX
                0x000000000800dc20       0x48 build/obj/chtm.o
                0x000000000800dc20                chTMStopMeasurementX
 *fill*         0x000000000800dc68        0x8 
 .text._tm_init
                0x000000000800dc70       0x38 build/obj/chtm.o
                0x000000000800dc70                _tm_init
 *fill*         0x000000000800dca8        0x8 
 .text.chThdRelease
                0x000000000800dcb0       0x50 build/obj/chdynamic.o
                0x000000000800dcb0                chThdRelease
 .text.chRegFirstThread
                0x000000000800dd00       0x1c build/obj/chregistry.o
                0x000000000800dd00                chRegFirstThread
 *fill*         0x000000000800dd1c        0x4 
 .text.chRegNextThread
                0x000000000800dd20       0x2c build/obj/chregistry.o
                0x000000000800dd20                chRegNextThread
 *fill*         0x000000000800dd4c        0x4 
 .text.chMtxObjectInit
                0x000000000800dd50        0xc build/obj/chmtx.o
                0x000000000800dd50                chMtxObjectInit
 *fill*         0x000000000800dd5c        0x4 
 .text.chMtxLockS
                0x000000000800dd60       0xc8 build/obj/chmtx.o
                0x000000000800dd60                chMtxLockS
 *fill*         0x000000000800de28        0x8 
 .text.chMtxLock
                0x000000000800de30       0x14 build/obj/chmtx.o
                0x000000000800de30                chMtxLock
 *fill*         0x000000000800de44        0xc 
 .text.chMtxUnlock
                0x000000000800de50       0x64 build/obj/chmtx.o
                0x000000000800de50                chMtxUnlock
 *fill*         0x000000000800deb4        0xc 
 .text.chEvtRegisterMaskWithFlags
                0x000000000800dec0       0x28 build/obj/chevents.o
                0x000000000800dec0                chEvtRegisterMaskWithFlags
 *fill*         0x000000000800dee8        0x8 
 .text.chEvtUnregister
                0x000000000800def0       0x2c build/obj/chevents.o
                0x000000000800def0                chEvtUnregister
 *fill*         0x000000000800df1c        0x4 
 .text.chEvtSignalI
                0x000000000800df20       0x2c build/obj/chevents.o
                0x000000000800df20                chEvtSignalI
 *fill*         0x000000000800df4c        0x4 
 .text.chEvtBroadcastFlagsI
                0x000000000800df50       0x2c build/obj/chevents.o
                0x000000000800df50                chEvtBroadcastFlagsI
 *fill*         0x000000000800df7c        0x4 
 .text.chEvtSignal
                0x000000000800df80       0x18 build/obj/chevents.o
                0x000000000800df80                chEvtSignal
 *fill*         0x000000000800df98        0x8 
 .text.chEvtWaitAny
                0x000000000800dfa0       0x38 build/obj/chevents.o
                0x000000000800dfa0                chEvtWaitAny
 *fill*         0x000000000800dfd8        0x8 
 .text.chEvtWaitAnyTimeout
                0x000000000800dfe0       0x50 build/obj/chevents.o
                0x000000000800dfe0                chEvtWaitAnyTimeout
 .text.chIQObjectInit
                0x000000000800e030       0x20 build/obj/chqueues.o
                0x000000000800e030                chIQObjectInit
 .text.chIQResetI
                0x000000000800e050       0x14 build/obj/chqueues.o
                0x000000000800e050                chIQResetI
 *fill*         0x000000000800e064        0xc 
 .text.chIQGetTimeout
                0x000000000800e070       0x50 build/obj/chqueues.o
                0x000000000800e070                chIQGetTimeout
 .text.chIQReadTimeout
                0x000000000800e0c0       0x78 build/obj/chqueues.o
                0x000000000800e0c0                chIQReadTimeout
 *fill*         0x000000000800e138        0x8 
 .text.chOQObjectInit
                0x000000000800e140       0x1c build/obj/chqueues.o
                0x000000000800e140                chOQObjectInit
 *fill*         0x000000000800e15c        0x4 
 .text.chOQResetI
                0x000000000800e160       0x1c build/obj/chqueues.o
                0x000000000800e160                chOQResetI
 *fill*         0x000000000800e17c        0x4 
 .text.chOQPutTimeout
                0x000000000800e180       0x54 build/obj/chqueues.o
                0x000000000800e180                chOQPutTimeout
 *fill*         0x000000000800e1d4        0xc 
 .text.chOQWriteTimeout
                0x000000000800e1e0       0x84 build/obj/chqueues.o
                0x000000000800e1e0                chOQWriteTimeout
 *fill*         0x000000000800e264        0xc 
 .text._core_init
                0x000000000800e270       0x28 build/obj/chmemcore.o
                0x000000000800e270                _core_init
 *fill*         0x000000000800e298        0x8 
 .text.chCoreAlloc
                0x000000000800e2a0       0x38 build/obj/chmemcore.o
                0x000000000800e2a0                chCoreAlloc
 *fill*         0x000000000800e2d8        0x8 
 .text.chCoreGetStatusX
                0x000000000800e2e0       0x14 build/obj/chmemcore.o
                0x000000000800e2e0                chCoreGetStatusX
 *fill*         0x000000000800e2f4        0xc 
 .text._heap_init
                0x000000000800e300       0x1c build/obj/chheap.o
                0x000000000800e300                _heap_init
 *fill*         0x000000000800e31c        0x4 
 .text.chHeapFree
                0x000000000800e320       0x94 build/obj/chheap.o
                0x000000000800e320                chHeapFree
 *fill*         0x000000000800e3b4        0xc 
 .text.chHeapStatus
                0x000000000800e3c0       0x44 build/obj/chheap.o
                0x000000000800e3c0                chHeapStatus
 *fill*         0x000000000800e404        0xc 
 .text.chPoolFree
                0x000000000800e410       0x14 build/obj/chmempools.o
                0x000000000800e410                chPoolFree
 *fill*         0x000000000800e424        0xc 
 .text.SVC_Handler
                0x000000000800e430       0x20 build/obj/chcore_v7m.o
                0x000000000800e430                SVC_Handler
 .text._port_irq_epilogue
                0x000000000800e450       0x60 build/obj/chcore_v7m.o
                0x000000000800e450                _port_irq_epilogue
 .text.halInit  0x000000000800e4b0       0x34 build/obj/hal.o
                0x000000000800e4b0                halInit
 *fill*         0x000000000800e4e4        0xc 
 .text.stInit   0x000000000800e4f0        0x4 build/obj/st.o
                0x000000000800e4f0                stInit
 *fill*         0x000000000800e4f4        0xc 
 .text.canInit  0x000000000800e500        0x4 build/obj/can.o
                0x000000000800e500                canInit
 *fill*         0x000000000800e504        0xc 
 .text.canObjectInit
                0x000000000800e510       0x44 build/obj/can.o
                0x000000000800e510                canObjectInit
 *fill*         0x000000000800e554        0xc 
 .text.canStart
                0x000000000800e560       0x20 build/obj/can.o
                0x000000000800e560                canStart
 .text.canTransmit
                0x000000000800e580       0x50 build/obj/can.o
                0x000000000800e580                canTransmit
 .text.canReceive
                0x000000000800e5d0       0x50 build/obj/can.o
                0x000000000800e5d0                canReceive
 .text.i2cInit  0x000000000800e620        0x4 build/obj/i2c.o
                0x000000000800e620                i2cInit
 *fill*         0x000000000800e624        0xc 
 .text.i2cObjectInit
                0x000000000800e630       0x10 build/obj/i2c.o
                0x000000000800e630                i2cObjectInit
 .text.i2cStart
                0x000000000800e640       0x1c build/obj/i2c.o
                0x000000000800e640                i2cStart
 *fill*         0x000000000800e65c        0x4 
 .text.i2cStop  0x000000000800e660       0x1c build/obj/i2c.o
                0x000000000800e660                i2cStop
 *fill*         0x000000000800e67c        0x4 
 .text.i2cMasterTransmitTimeout
                0x000000000800e680       0x40 build/obj/i2c.o
                0x000000000800e680                i2cMasterTransmitTimeout
 .text.i2cMasterReceiveTimeout
                0x000000000800e6c0       0x30 build/obj/i2c.o
                0x000000000800e6c0                i2cMasterReceiveTimeout
 .text.i2cAcquireBus
                0x000000000800e6f0        0x8 build/obj/i2c.o
                0x000000000800e6f0                i2cAcquireBus
 *fill*         0x000000000800e6f8        0x8 
 .text.i2cReleaseBus
                0x000000000800e700        0x8 build/obj/i2c.o
                0x000000000800e700                i2cReleaseBus
 *fill*         0x000000000800e708        0x8 
 .text.icuInit  0x000000000800e710        0x4 build/obj/icu.o
                0x000000000800e710                icuInit
 *fill*         0x000000000800e714        0xc 
 .text.icuObjectInit
                0x000000000800e720        0xc build/obj/icu.o
                0x000000000800e720                icuObjectInit
 *fill*         0x000000000800e72c        0x4 
 .text.icuStart
                0x000000000800e730       0x1c build/obj/icu.o
                0x000000000800e730                icuStart
 *fill*         0x000000000800e74c        0x4 
 .text.icuStartCapture
                0x000000000800e750       0x1c build/obj/icu.o
                0x000000000800e750                icuStartCapture
 *fill*         0x000000000800e76c        0x4 
 .text.icuEnableNotifications
                0x000000000800e770       0x14 build/obj/icu.o
                0x000000000800e770                icuEnableNotifications
 *fill*         0x000000000800e784        0xc 
 .text.onotify  0x000000000800e790       0x5c build/obj/serial_usb.o
 *fill*         0x000000000800e7ec        0x4 
 .text.inotify  0x000000000800e7f0       0x6c build/obj/serial_usb.o
 *fill*         0x000000000800e85c        0x4 
 .text.readt    0x000000000800e860        0x8 build/obj/serial_usb.o
 *fill*         0x000000000800e868        0x8 
 .text.read     0x000000000800e870        0xc build/obj/serial_usb.o
 *fill*         0x000000000800e87c        0x4 
 .text.writet   0x000000000800e880        0x8 build/obj/serial_usb.o
 *fill*         0x000000000800e888        0x8 
 .text.write    0x000000000800e890        0xc build/obj/serial_usb.o
 *fill*         0x000000000800e89c        0x4 
 .text.gett     0x000000000800e8a0        0x8 build/obj/serial_usb.o
 *fill*         0x000000000800e8a8        0x8 
 .text.get      0x000000000800e8b0        0xc build/obj/serial_usb.o
 *fill*         0x000000000800e8bc        0x4 
 .text.putt     0x000000000800e8c0        0x8 build/obj/serial_usb.o
 *fill*         0x000000000800e8c8        0x8 
 .text.put      0x000000000800e8d0        0xc build/obj/serial_usb.o
 *fill*         0x000000000800e8dc        0x4 
 .text.sduInit  0x000000000800e8e0        0x4 build/obj/serial_usb.o
                0x000000000800e8e0                sduInit
 *fill*         0x000000000800e8e4        0xc 
 .text.sduObjectInit
                0x000000000800e8f0       0x4c build/obj/serial_usb.o
                0x000000000800e8f0                sduObjectInit
 *fill*         0x000000000800e93c        0x4 
 .text.sduStart
                0x000000000800e940       0x34 build/obj/serial_usb.o
                0x000000000800e940                sduStart
 *fill*         0x000000000800e974        0xc 
 .text.sduConfigureHookI
                0x000000000800e980       0x4c build/obj/serial_usb.o
                0x000000000800e980                sduConfigureHookI
 *fill*         0x000000000800e9cc        0x4 
 .text.sduRequestsHook
                0x000000000800e9d0       0x40 build/obj/serial_usb.o
                0x000000000800e9d0                sduRequestsHook
 .text.sduDataTransmitted
                0x000000000800ea10       0x6c build/obj/serial_usb.o
                0x000000000800ea10                sduDataTransmitted
 *fill*         0x000000000800ea7c        0x4 
 .text.sduDataReceived
                0x000000000800ea80       0x6c build/obj/serial_usb.o
                0x000000000800ea80                sduDataReceived
 *fill*         0x000000000800eaec        0x4 
 .text.sduInterruptTransmitted
                0x000000000800eaf0        0x4 build/obj/serial_usb.o
                0x000000000800eaf0                sduInterruptTransmitted
 *fill*         0x000000000800eaf4        0xc 
 .text.uartInit
                0x000000000800eb00        0x4 build/obj/uart.o
                0x000000000800eb00                uartInit
 *fill*         0x000000000800eb04        0xc 
 .text.uartObjectInit
                0x000000000800eb10       0x10 build/obj/uart.o
                0x000000000800eb10                uartObjectInit
 .text.uartStart
                0x000000000800eb20       0x1c build/obj/uart.o
                0x000000000800eb20                uartStart
 *fill*         0x000000000800eb3c        0x4 
 .text.uartStop
                0x000000000800eb40       0x20 build/obj/uart.o
                0x000000000800eb40                uartStop
 .text.uartStartSend
                0x000000000800eb60       0x1c build/obj/uart.o
                0x000000000800eb60                uartStartSend
 *fill*         0x000000000800eb7c        0x4 
 .text.usbInit  0x000000000800eb80        0x4 build/obj/usb.o
                0x000000000800eb80                usbInit
 *fill*         0x000000000800eb84        0xc 
 .text.usbObjectInit
                0x000000000800eb90       0x1c build/obj/usb.o
                0x000000000800eb90                usbObjectInit
 *fill*         0x000000000800ebac        0x4 
 .text.usbStart
                0x000000000800ebb0       0x24 build/obj/usb.o
                0x000000000800ebb0                usbStart
 *fill*         0x000000000800ebd4        0xc 
 .text.usbStop  0x000000000800ebe0       0x1c build/obj/usb.o
                0x000000000800ebe0                usbStop
 *fill*         0x000000000800ebfc        0x4 
 .text.usbInitEndpointI
                0x000000000800ec00       0x34 build/obj/usb.o
                0x000000000800ec00                usbInitEndpointI
 *fill*         0x000000000800ec34        0xc 
 .text.usbPrepareQueuedReceive
                0x000000000800ec40       0x1c build/obj/usb.o
                0x000000000800ec40                usbPrepareQueuedReceive
 *fill*         0x000000000800ec5c        0x4 
 .text.usbPrepareQueuedTransmit
                0x000000000800ec60       0x1c build/obj/usb.o
                0x000000000800ec60                usbPrepareQueuedTransmit
 *fill*         0x000000000800ec7c        0x4 
 .text.usbStartReceiveI
                0x000000000800ec80       0x24 build/obj/usb.o
                0x000000000800ec80                usbStartReceiveI
 *fill*         0x000000000800eca4        0xc 
 .text.usbStartTransmitI
                0x000000000800ecb0       0x24 build/obj/usb.o
                0x000000000800ecb0                usbStartTransmitI
 *fill*         0x000000000800ecd4        0xc 
 .text._usb_reset
                0x000000000800ece0       0x28 build/obj/usb.o
                0x000000000800ece0                _usb_reset
 *fill*         0x000000000800ed08        0x8 
 .text._usb_ep0setup
                0x000000000800ed10      0x34c build/obj/usb.o
                0x000000000800ed10                _usb_ep0setup
 *fill*         0x000000000800f05c        0x4 
 .text._usb_ep0in
                0x000000000800f060       0xc4 build/obj/usb.o
                0x000000000800f060                _usb_ep0in
 *fill*         0x000000000800f124        0xc 
 .text._usb_ep0out
                0x000000000800f130       0x88 build/obj/usb.o
                0x000000000800f130                _usb_ep0out
 *fill*         0x000000000800f1b8        0x8 
 .text.nvicEnableVector
                0x000000000800f1c0       0x34 build/obj/nvic.o
                0x000000000800f1c0                nvicEnableVector
 *fill*         0x000000000800f1f4        0xc 
 .text.nvicDisableVector
                0x000000000800f200       0x28 build/obj/nvic.o
                0x000000000800f200                nvicDisableVector
 *fill*         0x000000000800f228        0x8 
 .text.nvicSetSystemHandlerPriority
                0x000000000800f230       0x10 build/obj/nvic.o
                0x000000000800f230                nvicSetSystemHandlerPriority
 .text.Vector6C
                0x000000000800f240       0x28 build/obj/stm32_dma.o
                0x000000000800f240                Vector6C
 *fill*         0x000000000800f268        0x8 
 .text.Vector70
                0x000000000800f270       0x2c build/obj/stm32_dma.o
                0x000000000800f270                Vector70
 *fill*         0x000000000800f29c        0x4 
 .text.Vector74
                0x000000000800f2a0       0x2c build/obj/stm32_dma.o
                0x000000000800f2a0                Vector74
 *fill*         0x000000000800f2cc        0x4 
 .text.Vector78
                0x000000000800f2d0       0x2c build/obj/stm32_dma.o
                0x000000000800f2d0                Vector78
 *fill*         0x000000000800f2fc        0x4 
 .text.Vector7C
                0x000000000800f300       0x28 build/obj/stm32_dma.o
                0x000000000800f300                Vector7C
 *fill*         0x000000000800f328        0x8 
 .text.Vector80
                0x000000000800f330       0x2c build/obj/stm32_dma.o
                0x000000000800f330                Vector80
 *fill*         0x000000000800f35c        0x4 
 .text.Vector84
                0x000000000800f360       0x2c build/obj/stm32_dma.o
                0x000000000800f360                Vector84
 *fill*         0x000000000800f38c        0x4 
 .text.VectorFC
                0x000000000800f390       0x2c build/obj/stm32_dma.o
                0x000000000800f390                VectorFC
 *fill*         0x000000000800f3bc        0x4 
 .text.Vector120
                0x000000000800f3c0       0x28 build/obj/stm32_dma.o
                0x000000000800f3c0                Vector120
 *fill*         0x000000000800f3e8        0x8 
 .text.Vector124
                0x000000000800f3f0       0x2c build/obj/stm32_dma.o
                0x000000000800f3f0                Vector124
 *fill*         0x000000000800f41c        0x4 
 .text.Vector128
                0x000000000800f420       0x2c build/obj/stm32_dma.o
                0x000000000800f420                Vector128
 *fill*         0x000000000800f44c        0x4 
 .text.Vector12C
                0x000000000800f450       0x2c build/obj/stm32_dma.o
                0x000000000800f450                Vector12C
 *fill*         0x000000000800f47c        0x4 
 .text.Vector130
                0x000000000800f480       0x28 build/obj/stm32_dma.o
                0x000000000800f480                Vector130
 *fill*         0x000000000800f4a8        0x8 
 .text.Vector150
                0x000000000800f4b0       0x2c build/obj/stm32_dma.o
                0x000000000800f4b0                Vector150
 *fill*         0x000000000800f4dc        0x4 
 .text.Vector154
                0x000000000800f4e0       0x2c build/obj/stm32_dma.o
                0x000000000800f4e0                Vector154
 *fill*         0x000000000800f50c        0x4 
 .text.Vector158
                0x000000000800f510       0x2c build/obj/stm32_dma.o
                0x000000000800f510                Vector158
 *fill*         0x000000000800f53c        0x4 
 .text.dmaInit  0x000000000800f540       0x4c build/obj/stm32_dma.o
                0x000000000800f540                dmaInit
 *fill*         0x000000000800f58c        0x4 
 .text.dmaStreamAllocate
                0x000000000800f590       0x8c build/obj/stm32_dma.o
                0x000000000800f590                dmaStreamAllocate
 *fill*         0x000000000800f61c        0x4 
 .text.dmaStreamRelease
                0x000000000800f620       0x44 build/obj/stm32_dma.o
                0x000000000800f620                dmaStreamRelease
 *fill*         0x000000000800f664        0xc 
 .text.hal_lld_init
                0x000000000800f670       0x68 build/obj/hal_lld.o
                0x000000000800f670                hal_lld_init
 *fill*         0x000000000800f6d8        0x8 
 .text.stm32_clock_init
                0x000000000800f6e0       0xc8 build/obj/hal_lld.o
                0x000000000800f6e0                stm32_clock_init
 *fill*         0x000000000800f7a8        0x8 
 .text.SysTick_Handler
                0x000000000800f7b0       0x1c build/obj/st_lld.o
                0x000000000800f7b0                SysTick_Handler
 *fill*         0x000000000800f7cc        0x4 
 .text.st_lld_init
                0x000000000800f7d0       0x1c build/obj/st_lld.o
                0x000000000800f7d0                st_lld_init
 *fill*         0x000000000800f7ec        0x4 
 .text.can_lld_set_filters
                0x000000000800f7f0      0x118 build/obj/can_lld.o
 *fill*         0x000000000800f908        0x8 
 .text.Vector8C
                0x000000000800f910       0x3c build/obj/can_lld.o
                0x000000000800f910                Vector8C
 *fill*         0x000000000800f94c        0x4 
 .text.Vector90
                0x000000000800f950       0x64 build/obj/can_lld.o
                0x000000000800f950                Vector90
 *fill*         0x000000000800f9b4        0xc 
 .text.Vector94
                0x000000000800f9c0       0x64 build/obj/can_lld.o
                0x000000000800f9c0                Vector94
 *fill*         0x000000000800fa24        0xc 
 .text.Vector98
                0x000000000800fa30       0x78 build/obj/can_lld.o
                0x000000000800fa30                Vector98
 *fill*         0x000000000800faa8        0x8 
 .text.can_lld_init
                0x000000000800fab0       0x24 build/obj/can_lld.o
                0x000000000800fab0                can_lld_init
 *fill*         0x000000000800fad4        0xc 
 .text.can_lld_start
                0x000000000800fae0       0x70 build/obj/can_lld.o
                0x000000000800fae0                can_lld_start
 .text.can_lld_is_tx_empty
                0x000000000800fb50       0x40 build/obj/can_lld.o
                0x000000000800fb50                can_lld_is_tx_empty
 .text.can_lld_transmit
                0x000000000800fb90       0x78 build/obj/can_lld.o
                0x000000000800fb90                can_lld_transmit
 *fill*         0x000000000800fc08        0x8 
 .text.can_lld_is_rx_nonempty
                0x000000000800fc10       0x38 build/obj/can_lld.o
                0x000000000800fc10                can_lld_is_rx_nonempty
 *fill*         0x000000000800fc48        0x8 
 .text.can_lld_receive
                0x000000000800fc50       0xc8 build/obj/can_lld.o
                0x000000000800fc50                can_lld_receive
 *fill*         0x000000000800fd18        0x8 
 .text._pal_lld_init
                0x000000000800fd20      0x1cc build/obj/pal_lld.o
                0x000000000800fd20                _pal_lld_init
 *fill*         0x000000000800feec        0x4 
 .text._pal_lld_setgroupmode
                0x000000000800fef0       0xac build/obj/pal_lld.o
                0x000000000800fef0                _pal_lld_setgroupmode
 *fill*         0x000000000800ff9c        0x4 
 .text.i2c_lld_serve_tx_end_irq
                0x000000000800ffa0       0x40 build/obj/i2c_lld.o
 .text.i2c_lld_serve_rx_end_irq
                0x000000000800ffe0       0x64 build/obj/i2c_lld.o
 *fill*         0x0000000008010044        0xc 
 .text.VectorC4
                0x0000000008010050       0xf8 build/obj/i2c_lld.o
                0x0000000008010050                VectorC4
 *fill*         0x0000000008010148        0x8 
 .text.VectorC8
                0x0000000008010150       0xdc build/obj/i2c_lld.o
                0x0000000008010150                VectorC8
 *fill*         0x000000000801022c        0x4 
 .text.i2c_lld_init
                0x0000000008010230       0x2c build/obj/i2c_lld.o
                0x0000000008010230                i2c_lld_init
 *fill*         0x000000000801025c        0x4 
 .text.i2c_lld_start
                0x0000000008010260      0x180 build/obj/i2c_lld.o
                0x0000000008010260                i2c_lld_start
 .text.i2c_lld_stop
                0x00000000080103e0       0x88 build/obj/i2c_lld.o
                0x00000000080103e0                i2c_lld_stop
 *fill*         0x0000000008010468        0x8 
 .text.i2c_lld_master_receive_timeout
                0x0000000008010470       0x74 build/obj/i2c_lld.o
                0x0000000008010470                i2c_lld_master_receive_timeout
 *fill*         0x00000000080104e4        0xc 
 .text.i2c_lld_master_transmit_timeout
                0x00000000080104f0       0x90 build/obj/i2c_lld.o
                0x00000000080104f0                i2c_lld_master_transmit_timeout
 .text.usb_lld_pump
                0x0000000008010580      0x328 build/obj/usb_lld.o
                0x0000000008010580                usb_lld_pump
 *fill*         0x00000000080108a8        0x8 
 .text.otg_disable_ep.isra.0
                0x00000000080108b0       0x74 build/obj/usb_lld.o
 *fill*         0x0000000008010924        0xc 
 .text.usb_lld_init
                0x0000000008010930       0x24 build/obj/usb_lld.o
                0x0000000008010930                usb_lld_init
 *fill*         0x0000000008010954        0xc 
 .text.usb_lld_start
                0x0000000008010960       0xe8 build/obj/usb_lld.o
                0x0000000008010960                usb_lld_start
 *fill*         0x0000000008010a48        0x8 
 .text.usb_lld_stop
                0x0000000008010a50       0x44 build/obj/usb_lld.o
                0x0000000008010a50                usb_lld_stop
 *fill*         0x0000000008010a94        0xc 
 .text.usb_lld_reset
                0x0000000008010aa0       0xc4 build/obj/usb_lld.o
                0x0000000008010aa0                usb_lld_reset
 *fill*         0x0000000008010b64        0xc 
 .text.usb_lld_set_address
                0x0000000008010b70       0x18 build/obj/usb_lld.o
                0x0000000008010b70                usb_lld_set_address
 *fill*         0x0000000008010b88        0x8 
 .text.usb_lld_init_endpoint
                0x0000000008010b90      0x160 build/obj/usb_lld.o
                0x0000000008010b90                usb_lld_init_endpoint
 .text.usb_lld_get_status_out
                0x0000000008010cf0       0x1c build/obj/usb_lld.o
                0x0000000008010cf0                usb_lld_get_status_out
 *fill*         0x0000000008010d0c        0x4 
 .text.usb_lld_get_status_in
                0x0000000008010d10       0x1c build/obj/usb_lld.o
                0x0000000008010d10                usb_lld_get_status_in
 *fill*         0x0000000008010d2c        0x4 
 .text.usb_lld_read_setup
                0x0000000008010d30       0x14 build/obj/usb_lld.o
                0x0000000008010d30                usb_lld_read_setup
 *fill*         0x0000000008010d44        0xc 
 .text.usb_lld_prepare_receive
                0x0000000008010d50       0x44 build/obj/usb_lld.o
                0x0000000008010d50                usb_lld_prepare_receive
 *fill*         0x0000000008010d94        0xc 
 .text.otg_epout_handler.constprop.7
                0x0000000008010da0       0xa4 build/obj/usb_lld.o
 *fill*         0x0000000008010e44        0xc 
 .text.usb_lld_prepare_transmit
                0x0000000008010e50       0x50 build/obj/usb_lld.o
                0x0000000008010e50                usb_lld_prepare_transmit
 .text.otg_epin_handler.constprop.8
                0x0000000008010ea0       0xd0 build/obj/usb_lld.o
 .text.Vector14C
                0x0000000008010f70       0xf4 build/obj/usb_lld.o
                0x0000000008010f70                Vector14C
 *fill*         0x0000000008011064        0xc 
 .text.usb_lld_start_out
                0x0000000008011070       0x14 build/obj/usb_lld.o
                0x0000000008011070                usb_lld_start_out
 *fill*         0x0000000008011084        0xc 
 .text.usb_lld_start_in
                0x0000000008011090       0x28 build/obj/usb_lld.o
                0x0000000008011090                usb_lld_start_in
 *fill*         0x00000000080110b8        0x8 
 .text.usb_lld_stall_out
                0x00000000080110c0       0x14 build/obj/usb_lld.o
                0x00000000080110c0                usb_lld_stall_out
 *fill*         0x00000000080110d4        0xc 
 .text.usb_lld_stall_in
                0x00000000080110e0       0x14 build/obj/usb_lld.o
                0x00000000080110e0                usb_lld_stall_in
 *fill*         0x00000000080110f4        0xc 
 .text.usb_lld_clear_out
                0x0000000008011100       0x14 build/obj/usb_lld.o
                0x0000000008011100                usb_lld_clear_out
 *fill*         0x0000000008011114        0xc 
 .text.usb_lld_clear_in
                0x0000000008011120       0x14 build/obj/usb_lld.o
                0x0000000008011120                usb_lld_clear_in
 *fill*         0x0000000008011134        0xc 
 .text.VectorB4
                0x0000000008011140       0x9c build/obj/icu_lld.o
                0x0000000008011140                VectorB4
 *fill*         0x00000000080111dc        0x4 
 .text.icu_lld_init
                0x00000000080111e0       0x18 build/obj/icu_lld.o
                0x00000000080111e0                icu_lld_init
 *fill*         0x00000000080111f8        0x8 
 .text.icu_lld_start
                0x0000000008011200       0xbc build/obj/icu_lld.o
                0x0000000008011200                icu_lld_start
 *fill*         0x00000000080112bc        0x4 
 .text.icu_lld_start_capture
                0x00000000080112c0       0x14 build/obj/icu_lld.o
                0x00000000080112c0                icu_lld_start_capture
 *fill*         0x00000000080112d4        0xc 
 .text.icu_lld_enable_notifications
                0x00000000080112e0       0x40 build/obj/icu_lld.o
                0x00000000080112e0                icu_lld_enable_notifications
 .text.usart_stop
                0x0000000008011320       0x48 build/obj/uart_lld.o
 *fill*         0x0000000008011368        0x8 
 .text.serve_usart_irq
                0x0000000008011370       0x78 build/obj/uart_lld.o
 *fill*         0x00000000080113e8        0x8 
 .text.uart_lld_serve_tx_end_irq
                0x00000000080113f0       0x50 build/obj/uart_lld.o
 .text.uart_lld_serve_rx_end_irq
                0x0000000008011440       0x90 build/obj/uart_lld.o
 .text.VectorDC
                0x00000000080114d0       0x14 build/obj/uart_lld.o
                0x00000000080114d0                VectorDC
 *fill*         0x00000000080114e4        0xc 
 .text.Vector15C
                0x00000000080114f0       0x14 build/obj/uart_lld.o
                0x00000000080114f0                Vector15C
 *fill*         0x0000000008011504        0xc 
 .text.uart_lld_init
                0x0000000008011510       0x48 build/obj/uart_lld.o
                0x0000000008011510                uart_lld_init
 *fill*         0x0000000008011558        0x8 
 .text.uart_lld_start
                0x0000000008011560      0x15c build/obj/uart_lld.o
                0x0000000008011560                uart_lld_start
 *fill*         0x00000000080116bc        0x4 
 .text.uart_lld_stop
                0x00000000080116c0       0x5c build/obj/uart_lld.o
                0x00000000080116c0                uart_lld_stop
 *fill*         0x000000000801171c        0x4 
 .text.uart_lld_start_send
                0x0000000008011720       0x34 build/obj/uart_lld.o
                0x0000000008011720                uart_lld_start_send
 *fill*         0x0000000008011754        0xc 
 .text.__early_init
                0x0000000008011760        0x4 build/obj/board.o
                0x0000000008011760                __early_init
 *fill*         0x0000000008011764        0xc 
 .text.boardInit
                0x0000000008011770        0x4 build/obj/board.o
                0x0000000008011770                boardInit
 *fill*         0x0000000008011774        0xc 
 .text._sbrk_r  0x0000000008011780       0x18 build/obj/syscalls.o
                0x0000000008011780                _sbrk_r
 *fill*         0x0000000008011798        0x8 
 .text.timer_thread
                0x00000000080117a0       0x20 build/obj/main.o
 .text.periodic_thread
                0x00000000080117c0      0x12c build/obj/main.o
 *fill*         0x00000000080118ec        0x4 
 .text.startup.main
                0x00000000080118f0       0x9c build/obj/main.o
                0x00000000080118f0                main
 *fill*         0x000000000801198c        0x4 
 .text.get_descriptor
                0x0000000008011990       0x30 build/obj/comm_usb_serial.o
 .text.usb_event
                0x00000000080119c0       0x40 build/obj/comm_usb_serial.o
 .text.comm_usb_serial_init
                0x0000000008011a00       0x4c build/obj/comm_usb_serial.o
                0x0000000008011a00                comm_usb_serial_init
 *fill*         0x0000000008011a4c        0x4 
 .text.Vector88
                0x0000000008011a50       0x1c build/obj/irq_handlers.o
                0x0000000008011a50                Vector88
 *fill*         0x0000000008011a6c        0x4 
 .text.VectorE0
                0x0000000008011a70       0x20 build/obj/irq_handlers.o
                0x0000000008011a70                VectorE0
 .text.buffer_append_int16
                0x0000000008011a90       0x18 build/obj/buffer.o
                0x0000000008011a90                buffer_append_int16
 *fill*         0x0000000008011aa8        0x8 
 .text.buffer_append_uint16
                0x0000000008011ab0       0x18 build/obj/buffer.o
                0x0000000008011ab0                buffer_append_uint16
 *fill*         0x0000000008011ac8        0x8 
 .text.buffer_append_int32
                0x0000000008011ad0       0x2c build/obj/buffer.o
                0x0000000008011ad0                buffer_append_int32
 *fill*         0x0000000008011afc        0x4 
 .text.buffer_append_uint32
                0x0000000008011b00       0x2c build/obj/buffer.o
                0x0000000008011b00                buffer_append_uint32
 *fill*         0x0000000008011b2c        0x4 
 .text.buffer_append_float16
                0x0000000008011b30       0x30 build/obj/buffer.o
                0x0000000008011b30                buffer_append_float16
 .text.buffer_append_float32
                0x0000000008011b60       0x14 build/obj/buffer.o
                0x0000000008011b60                buffer_append_float32
 *fill*         0x0000000008011b74        0xc 
 .text.buffer_get_int16
                0x0000000008011b80       0x14 build/obj/buffer.o
                0x0000000008011b80                buffer_get_int16
 *fill*         0x0000000008011b94        0xc 
 .text.buffer_get_uint16
                0x0000000008011ba0       0x14 build/obj/buffer.o
                0x0000000008011ba0                buffer_get_uint16
 *fill*         0x0000000008011bb4        0xc 
 .text.buffer_get_int32
                0x0000000008011bc0       0x24 build/obj/buffer.o
                0x0000000008011bc0                buffer_get_int32
 *fill*         0x0000000008011be4        0xc 
 .text.buffer_get_uint32
                0x0000000008011bf0       0x24 build/obj/buffer.o
                0x0000000008011bf0                buffer_get_uint32
 *fill*         0x0000000008011c14        0xc 
 .text.buffer_get_float32
                0x0000000008011c20       0x20 build/obj/buffer.o
                0x0000000008011c20                buffer_get_float32
 .text.send_packet
                0x0000000008011c40       0x1c build/obj/comm_usb.o
 *fill*         0x0000000008011c5c        0x4 
 .text.serial_process_thread
                0x0000000008011c60       0x60 build/obj/comm_usb.o
 .text.serial_read_thread
                0x0000000008011cc0       0x74 build/obj/comm_usb.o
 *fill*         0x0000000008011d34        0xc 
 .text.process_packet
                0x0000000008011d40       0x1c build/obj/comm_usb.o
 *fill*         0x0000000008011d5c        0x4 
 .text.send_packet_wrapper
                0x0000000008011d60       0x28 build/obj/comm_usb.o
 *fill*         0x0000000008011d88        0x8 
 .text.comm_usb_init
                0x0000000008011d90       0x5c build/obj/comm_usb.o
                0x0000000008011d90                comm_usb_init
 *fill*         0x0000000008011dec        0x4 
 .text.crc16    0x0000000008011df0       0x30 build/obj/crc.o
                0x0000000008011df0                crc16
 .text.filter_fft
                0x0000000008011e20      0x1f0 build/obj/digital_filter.o
                0x0000000008011e20                filter_fft
 .text.filter_hamming
                0x0000000008012010       0xd4 build/obj/digital_filter.o
                0x0000000008012010                filter_hamming
 *fill*         0x00000000080120e4        0xc 
 .text.filter_create_fir_lowpass
                0x00000000080120f0       0xc4 build/obj/digital_filter.o
                0x00000000080120f0                filter_create_fir_lowpass
 *fill*         0x00000000080121b4        0xc 
 .text.filter_run_fir_iteration
                0x00000000080121c0       0x40 build/obj/digital_filter.o
                0x00000000080121c0                filter_run_fir_iteration
 .text.filter_add_sample
                0x0000000008012200       0x24 build/obj/digital_filter.o
                0x0000000008012200                filter_add_sample
 *fill*         0x0000000008012224        0xc 
 .text.ledpwm_init
                0x0000000008012230       0x58 build/obj/ledpwm.o
                0x0000000008012230                ledpwm_init
 *fill*         0x0000000008012288        0x8 
 .text.ledpwm_set_intensity
                0x0000000008012290       0x50 build/obj/ledpwm.o
                0x0000000008012290                ledpwm_set_intensity
 .text.ledpwm_update_pwm
                0x00000000080122e0       0x40 build/obj/ledpwm.o
                0x00000000080122e0                ledpwm_update_pwm
 .text.update_adc_sample_pos
                0x0000000008012320      0x200 build/obj/mcpwm.o
 .text.update_rpm_tacho
                0x0000000008012520       0x9c build/obj/mcpwm.o
 *fill*         0x00000000080125bc        0x4 
 .text.update_sensor_mode
                0x00000000080125c0       0x58 build/obj/mcpwm.o
 *fill*         0x0000000008012618        0x8 
 .text.update_timer_attempt
                0x0000000008012620       0x78 build/obj/mcpwm.o
 *fill*         0x0000000008012698        0x8 
 .text.set_next_timer_settings
                0x00000000080126a0       0x2c build/obj/mcpwm.o
 *fill*         0x00000000080126cc        0x4 
 .text.set_duty_cycle_hw
                0x00000000080126d0      0x12c build/obj/mcpwm.o
 *fill*         0x00000000080127fc        0x4 
 .text.set_next_comm_step
                0x0000000008012800      0x538 build/obj/mcpwm.o
 *fill*         0x0000000008012d38        0x8 
 .text.commutate
                0x0000000008012d40       0xdc build/obj/mcpwm.o
 *fill*         0x0000000008012e1c        0x4 
 .text.timer_thread
                0x0000000008012e20      0x250 build/obj/mcpwm.o
 .text.set_switching_frequency.constprop.0
                0x0000000008013070       0x58 build/obj/mcpwm.o
 *fill*         0x00000000080130c8        0x8 
 .text.stop_pwm_hw
                0x00000000080130d0       0x74 build/obj/mcpwm.o
 *fill*         0x0000000008013144        0xc 
 .text.full_brake_hw
                0x0000000008013150       0x74 build/obj/mcpwm.o
 *fill*         0x00000000080131c4        0xc 
 .text.mcpwm_deinit
                0x00000000080131d0       0x74 build/obj/mcpwm.o
                0x00000000080131d0                mcpwm_deinit
 *fill*         0x0000000008013244        0xc 
 .text.mcpwm_init_hall_table
                0x0000000008013250       0x4c build/obj/mcpwm.o
                0x0000000008013250                mcpwm_init_hall_table
 *fill*         0x000000000801329c        0x4 
 .text.mcpwm_init
                0x00000000080132a0      0x660 build/obj/mcpwm.o
                0x00000000080132a0                mcpwm_init
 .text.mcpwm_set_configuration
                0x0000000008013900       0x44 build/obj/mcpwm.o
                0x0000000008013900                mcpwm_set_configuration
 *fill*         0x0000000008013944        0xc 
 .text.mcpwm_set_pid_speed
                0x0000000008013950       0x18 build/obj/mcpwm.o
                0x0000000008013950                mcpwm_set_pid_speed
 *fill*         0x0000000008013968        0x8 
 .text.mcpwm_set_brake_current
                0x0000000008013970       0xdc build/obj/mcpwm.o
                0x0000000008013970                mcpwm_set_brake_current
 *fill*         0x0000000008013a4c        0x4 
 .text.mcpwm_get_comm_step
                0x0000000008013a50        0xc build/obj/mcpwm.o
                0x0000000008013a50                mcpwm_get_comm_step
 *fill*         0x0000000008013a5c        0x4 
 .text.mcpwm_get_duty_cycle_now
                0x0000000008013a60        0xc build/obj/mcpwm.o
                0x0000000008013a60                mcpwm_get_duty_cycle_now
 *fill*         0x0000000008013a6c        0x4 
 .text.mcpwm_get_switching_frequency_now
                0x0000000008013a70        0xc build/obj/mcpwm.o
                0x0000000008013a70                mcpwm_get_switching_frequency_now
 *fill*         0x0000000008013a7c        0x4 
 .text.mcpwm_get_rpm
                0x0000000008013a80       0x24 build/obj/mcpwm.o
                0x0000000008013a80                mcpwm_get_rpm
 *fill*         0x0000000008013aa4        0xc 
 .text.mcpwm_get_state
                0x0000000008013ab0        0xc build/obj/mcpwm.o
                0x0000000008013ab0                mcpwm_get_state
 *fill*         0x0000000008013abc        0x4 
 .text.mcpwm_get_kv_filtered
                0x0000000008013ac0       0x1c build/obj/mcpwm.o
                0x0000000008013ac0                mcpwm_get_kv_filtered
 *fill*         0x0000000008013adc        0x4 
 .text.mcpwm_get_tot_current
                0x0000000008013ae0        0xc build/obj/mcpwm.o
                0x0000000008013ae0                mcpwm_get_tot_current
 *fill*         0x0000000008013aec        0x4 
 .text.mcpwm_get_tot_current_filtered
                0x0000000008013af0        0xc build/obj/mcpwm.o
                0x0000000008013af0                mcpwm_get_tot_current_filtered
 *fill*         0x0000000008013afc        0x4 
 .text.mcpwm_get_tot_current_directional
                0x0000000008013b00       0x24 build/obj/mcpwm.o
                0x0000000008013b00                mcpwm_get_tot_current_directional
 *fill*         0x0000000008013b24        0xc 
 .text.mcpwm_get_tot_current_directional_filtered
                0x0000000008013b30       0x24 build/obj/mcpwm.o
                0x0000000008013b30                mcpwm_get_tot_current_directional_filtered
 *fill*         0x0000000008013b54        0xc 
 .text.mcpwm_get_tot_current_in_filtered
                0x0000000008013b60       0x20 build/obj/mcpwm.o
                0x0000000008013b60                mcpwm_get_tot_current_in_filtered
 .text.mcpwm_get_tachometer_value
                0x0000000008013b80       0x14 build/obj/mcpwm.o
                0x0000000008013b80                mcpwm_get_tachometer_value
 *fill*         0x0000000008013b94        0xc 
 .text.mcpwm_get_tachometer_abs_value
                0x0000000008013ba0       0x14 build/obj/mcpwm.o
                0x0000000008013ba0                mcpwm_get_tachometer_abs_value
 *fill*         0x0000000008013bb4        0xc 
 .text.mcpwm_stop_pwm
                0x0000000008013bc0       0x28 build/obj/mcpwm.o
                0x0000000008013bc0                mcpwm_stop_pwm
 *fill*         0x0000000008013be8        0x8 
 .text.mcpwm_adc_inj_int_handler
                0x0000000008013bf0      0x494 build/obj/mcpwm.o
                0x0000000008013bf0                mcpwm_adc_inj_int_handler
 *fill*         0x0000000008014084        0xc 
 .text.mcpwm_set_detect
                0x0000000008014090       0x54 build/obj/mcpwm.o
                0x0000000008014090                mcpwm_set_detect
 *fill*         0x00000000080140e4        0xc 
 .text.mcpwm_get_detect_pos
                0x00000000080140f0      0x110 build/obj/mcpwm.o
                0x00000000080140f0                mcpwm_get_detect_pos
 .text.mcpwm_read_reset_avg_cycle_integrator
                0x0000000008014200       0x20 build/obj/mcpwm.o
                0x0000000008014200                mcpwm_read_reset_avg_cycle_integrator
 .text.mcpwm_get_last_adc_isr_duration
                0x0000000008014220        0xc build/obj/mcpwm.o
                0x0000000008014220                mcpwm_get_last_adc_isr_duration
 *fill*         0x000000000801422c        0x4 
 .text.mcpwm_get_last_inj_adc_isr_duration
                0x0000000008014230        0xc build/obj/mcpwm.o
                0x0000000008014230                mcpwm_get_last_inj_adc_isr_duration
 *fill*         0x000000000801423c        0x4 
 .text.mcpwm_get_rpm_dep
                0x0000000008014240       0x20 build/obj/mcpwm.o
                0x0000000008014240                mcpwm_get_rpm_dep
 .text.mcpwm_is_dccal_done
                0x0000000008014260        0xc build/obj/mcpwm.o
                0x0000000008014260                mcpwm_is_dccal_done
 *fill*         0x000000000801426c        0x4 
 .text.mcpwm_reset_hall_detect_table
                0x0000000008014270       0x10 build/obj/mcpwm.o
                0x0000000008014270                mcpwm_reset_hall_detect_table
 .text.mcpwm_get_hall_detect_result
                0x0000000008014280       0x98 build/obj/mcpwm.o
                0x0000000008014280                mcpwm_get_hall_detect_result
 *fill*         0x0000000008014318        0x8 
 .text.mcpwm_read_hall_phase
                0x0000000008014320       0x48 build/obj/mcpwm.o
                0x0000000008014320                mcpwm_read_hall_phase
 *fill*         0x0000000008014368        0x8 
 .text.set_duty_cycle_ll
                0x0000000008014370      0x1b0 build/obj/mcpwm.o
 .text.set_duty_cycle_hl
                0x0000000008014520      0x10c build/obj/mcpwm.o
 *fill*         0x000000000801462c        0x4 
 .text.mcpwm_set_duty
                0x0000000008014630       0x10 build/obj/mcpwm.o
                0x0000000008014630                mcpwm_set_duty
 .text.rpm_thread
                0x0000000008014640      0x3a4 build/obj/mcpwm.o
 *fill*         0x00000000080149e4        0xc 
 .text.mcpwm_set_pid_pos
                0x00000000080149f0       0x34 build/obj/mcpwm.o
                0x00000000080149f0                mcpwm_set_pid_pos
 *fill*         0x0000000008014a24        0xc 
 .text.mcpwm_set_current
                0x0000000008014a30       0x98 build/obj/mcpwm.o
                0x0000000008014a30                mcpwm_set_current
 *fill*         0x0000000008014ac8        0x8 
 .text.mcpwm_adc_int_handler
                0x0000000008014ad0      0xc3c build/obj/mcpwm.o
                0x0000000008014ad0                mcpwm_adc_int_handler
 *fill*         0x000000000801570c        0x4 
 .text.icuperiodcb
                0x0000000008015710        0x4 build/obj/servo_dec.o
 *fill*         0x0000000008015714        0xc 
 .text.icuwidthcb
                0x0000000008015720      0x13c build/obj/servo_dec.o
 *fill*         0x000000000801585c        0x4 
 .text.servodec_init
                0x0000000008015860       0x50 build/obj/servo_dec.o
                0x0000000008015860                servodec_init
 .text.servodec_set_pulse_options
                0x00000000080158b0       0x20 build/obj/servo_dec.o
                0x00000000080158b0                servodec_set_pulse_options
 .text.servodec_get_servo
                0x00000000080158d0       0x1c build/obj/servo_dec.o
                0x00000000080158d0                servodec_get_servo
 *fill*         0x00000000080158ec        0x4 
 .text.servodec_get_time_since_update
                0x00000000080158f0       0x20 build/obj/servo_dec.o
                0x00000000080158f0                servodec_get_time_since_update
 .text.servodec_get_last_pulse_len
                0x0000000008015910       0x1c build/obj/servo_dec.o
                0x0000000008015910                servodec_get_last_pulse_len
 *fill*         0x000000000801592c        0x4 
 .text.utils_step_towards
                0x0000000008015930       0x38 build/obj/utils.o
                0x0000000008015930                utils_step_towards
 *fill*         0x0000000008015968        0x8 
 .text.utils_norm_angle
                0x0000000008015970       0x34 build/obj/utils.o
                0x0000000008015970                utils_norm_angle
 *fill*         0x00000000080159a4        0xc 
 .text.utils_norm_angle_rad
                0x00000000080159b0       0x5c build/obj/utils.o
                0x00000000080159b0                utils_norm_angle_rad
 *fill*         0x0000000008015a0c        0x4 
 .text.utils_truncate_number
                0x0000000008015a10       0x2c build/obj/utils.o
                0x0000000008015a10                utils_truncate_number
 *fill*         0x0000000008015a3c        0x4 
 .text.utils_map
                0x0000000008015a40       0x1c build/obj/utils.o
                0x0000000008015a40                utils_map
 *fill*         0x0000000008015a5c        0x4 
 .text.utils_deadband
                0x0000000008015a60       0x48 build/obj/utils.o
                0x0000000008015a60                utils_deadband
 *fill*         0x0000000008015aa8        0x8 
 .text.utils_angle_difference
                0x0000000008015ab0       0x54 build/obj/utils.o
                0x0000000008015ab0                utils_angle_difference
 *fill*         0x0000000008015b04        0xc 
 .text.utils_angle_difference_rad
                0x0000000008015b10       0x54 build/obj/utils.o
                0x0000000008015b10                utils_angle_difference_rad
 *fill*         0x0000000008015b64        0xc 
 .text.utils_middle_of_3
                0x0000000008015b70       0x80 build/obj/utils.o
                0x0000000008015b70                utils_middle_of_3
 .text.utils_fast_atan2
                0x0000000008015bf0       0x78 build/obj/utils.o
                0x0000000008015bf0                utils_fast_atan2
 *fill*         0x0000000008015c68        0x8 
 .text.utils_saturate_vector_2d
                0x0000000008015c70       0x94 build/obj/utils.o
                0x0000000008015c70                utils_saturate_vector_2d
 *fill*         0x0000000008015d04        0xc 
 .text.utils_fast_sincos_better
                0x0000000008015d10      0x130 build/obj/utils.o
                0x0000000008015d10                utils_fast_sincos_better
 .text.utils_sys_lock_cnt
                0x0000000008015e40       0x18 build/obj/utils.o
                0x0000000008015e40                utils_sys_lock_cnt
 *fill*         0x0000000008015e58        0x8 
 .text.utils_sys_unlock_cnt
                0x0000000008015e60       0x1c build/obj/utils.o
                0x0000000008015e60                utils_sys_unlock_cnt
 *fill*         0x0000000008015e7c        0x4 
 .text.packet_init
                0x0000000008015e80       0x14 build/obj/packet.o
                0x0000000008015e80                packet_init
 *fill*         0x0000000008015e94        0xc 
 .text.packet_send_packet
                0x0000000008015ea0       0x84 build/obj/packet.o
                0x0000000008015ea0                packet_send_packet
 *fill*         0x0000000008015f24        0xc 
 .text.packet_timerfunc
                0x0000000008015f30       0x48 build/obj/packet.o
                0x0000000008015f30                packet_timerfunc
 *fill*         0x0000000008015f78        0x8 
 .text.packet_process_byte
                0x0000000008015f80      0x148 build/obj/packet.o
                0x0000000008015f80                packet_process_byte
 *fill*         0x00000000080160c8        0x8 
 .text.terminal_process_string
                0x00000000080160d0      0xda4 build/obj/terminal.o
                0x00000000080160d0                terminal_process_string
 *fill*         0x0000000008016e74        0xc 
 .text.terminal_add_fault_data
                0x0000000008016e80       0x40 build/obj/terminal.o
                0x0000000008016e80                terminal_add_fault_data
 .text.conf_general_init
                0x0000000008016ec0       0x58 build/obj/conf_general.o
                0x0000000008016ec0                conf_general_init
 *fill*         0x0000000008016f18        0x8 
 .text.conf_general_get_default_app_configuration
                0x0000000008016f20      0x124 build/obj/conf_general.o
                0x0000000008016f20                conf_general_get_default_app_configuration
 *fill*         0x0000000008017044        0xc 
 .text.conf_general_get_default_mc_configuration
                0x0000000008017050      0x288 build/obj/conf_general.o
                0x0000000008017050                conf_general_get_default_mc_configuration
 *fill*         0x00000000080172d8        0x8 
 .text.conf_general_read_app_configuration
                0x00000000080172e0       0x40 build/obj/conf_general.o
                0x00000000080172e0                conf_general_read_app_configuration
 .text.conf_general_store_app_configuration
                0x0000000008017320       0x64 build/obj/conf_general.o
                0x0000000008017320                conf_general_store_app_configuration
 *fill*         0x0000000008017384        0xc 
 .text.conf_general_read_mc_configuration
                0x0000000008017390       0x40 build/obj/conf_general.o
                0x0000000008017390                conf_general_read_mc_configuration
 .text.conf_general_store_mc_configuration
                0x00000000080173d0       0x64 build/obj/conf_general.o
                0x00000000080173d0                conf_general_store_mc_configuration
 *fill*         0x0000000008017434        0xc 
 .text.conf_general_detect_motor_param
                0x0000000008017440      0x1f0 build/obj/conf_general.o
                0x0000000008017440                conf_general_detect_motor_param
 .text.conf_general_measure_flux_linkage
                0x0000000008017630      0x19c build/obj/conf_general.o
                0x0000000008017630                conf_general_measure_flux_linkage
 *fill*         0x00000000080177cc        0x4 
 .text.EE_VerifyPageFullWriteVariable
                0x00000000080177d0       0x7c build/obj/eeprom.o
 *fill*         0x000000000801784c        0x4 
 .text.EE_EraseSectorIfNotEmpty.constprop.1
                0x0000000008017850       0x30 build/obj/eeprom.o
 .text.EE_Format
                0x0000000008017880       0x2c build/obj/eeprom.o
 *fill*         0x00000000080178ac        0x4 
 .text.EE_ReadVariable
                0x00000000080178b0       0x70 build/obj/eeprom.o
                0x00000000080178b0                EE_ReadVariable
 .text.EE_Init  0x0000000008017920      0x140 build/obj/eeprom.o
                0x0000000008017920                EE_Init
 .text.EE_WriteVariable
                0x0000000008017a60       0xbc build/obj/eeprom.o
                0x0000000008017a60                EE_WriteVariable
 *fill*         0x0000000008017b1c        0x4 
 .text.detect_thread
                0x0000000008017b20      0x100 build/obj/commands.o
 .text.commands_init
                0x0000000008017c20       0x24 build/obj/commands.o
                0x0000000008017c20                commands_init
 *fill*         0x0000000008017c44        0xc 
 .text.commands_set_send_func
                0x0000000008017c50        0xc build/obj/commands.o
                0x0000000008017c50                commands_set_send_func
 *fill*         0x0000000008017c5c        0x4 
 .text.commands_send_packet
                0x0000000008017c60       0x10 build/obj/commands.o
                0x0000000008017c60                commands_send_packet
 .text.commands_process_packet
                0x0000000008017c70     0x1b24 build/obj/commands.o
                0x0000000008017c70                commands_process_packet
 *fill*         0x0000000008019794        0xc 
 .text.commands_printf
                0x00000000080197a0       0x44 build/obj/commands.o
                0x00000000080197a0                commands_printf
 *fill*         0x00000000080197e4        0xc 
 .text.commands_send_samples
                0x00000000080197f0       0x4c build/obj/commands.o
                0x00000000080197f0                commands_send_samples
 *fill*         0x000000000801983c        0x4 
 .text.commands_send_rotor_pos
                0x0000000008019840       0x40 build/obj/commands.o
                0x0000000008019840                commands_send_rotor_pos
 .text.commands_get_disp_pos_mode
                0x0000000008019880        0xc build/obj/commands.o
                0x0000000008019880                commands_get_disp_pos_mode
 *fill*         0x000000000801988c        0x4 
 .text.timeout_thread
                0x0000000008019890       0x80 build/obj/timeout.o
 .text.timeout_init
                0x0000000008019910       0x54 build/obj/timeout.o
                0x0000000008019910                timeout_init
 *fill*         0x0000000008019964        0xc 
 .text.timeout_configure
                0x0000000008019970       0x14 build/obj/timeout.o
                0x0000000008019970                timeout_configure
 *fill*         0x0000000008019984        0xc 
 .text.timeout_reset
                0x0000000008019990       0x20 build/obj/timeout.o
                0x0000000008019990                timeout_reset
 .text.timeout_has_timeout
                0x00000000080199b0        0xc build/obj/timeout.o
                0x00000000080199b0                timeout_has_timeout
 *fill*         0x00000000080199bc        0x4 
 .text.timeout_get_timeout_msec
                0x00000000080199c0        0xc build/obj/timeout.o
                0x00000000080199c0                timeout_get_timeout_msec
 *fill*         0x00000000080199cc        0x4 
 .text.timeout_get_brake_current
                0x00000000080199d0        0xc build/obj/timeout.o
                0x00000000080199d0                timeout_get_brake_current
 *fill*         0x00000000080199dc        0x4 
 .text.cancom_read_thread
                0x00000000080199e0       0xc8 build/obj/comm_can.o
 *fill*         0x0000000008019aa8        0x8 
 .text.comm_can_init
                0x0000000008019ab0       0xb0 build/obj/comm_can.o
                0x0000000008019ab0                comm_can_init
 .text.comm_can_transmit
                0x0000000008019b60       0x50 build/obj/comm_can.o
                0x0000000008019b60                comm_can_transmit
 .text.cancom_status_thread
                0x0000000008019bb0       0xb0 build/obj/comm_can.o
 .text.comm_can_transmit_std_id
                0x0000000008019c60       0x54 build/obj/comm_can.o
                0x0000000008019c60                comm_can_transmit_std_id
 *fill*         0x0000000008019cb4        0xc 
 .text.cancom_process_thread
                0x0000000008019cc0      0x434 build/obj/comm_can.o
 *fill*         0x000000000801a0f4        0xc 
 .text.comm_can_send_buffer
                0x000000000801a100      0x160 build/obj/comm_can.o
                0x000000000801a100                comm_can_send_buffer
 .text.send_packet_wrapper
                0x000000000801a260       0x14 build/obj/comm_can.o
 *fill*         0x000000000801a274        0xc 
 .text.comm_can_set_duty
                0x000000000801a280       0x38 build/obj/comm_can.o
                0x000000000801a280                comm_can_set_duty
 *fill*         0x000000000801a2b8        0x8 
 .text.comm_can_set_current
                0x000000000801a2c0       0x38 build/obj/comm_can.o
                0x000000000801a2c0                comm_can_set_current
 *fill*         0x000000000801a2f8        0x8 
 .text.comm_can_set_current_brake
                0x000000000801a300       0x38 build/obj/comm_can.o
                0x000000000801a300                comm_can_set_current_brake
 *fill*         0x000000000801a338        0x8 
 .text.comm_can_get_status_msg_index
                0x000000000801a340       0x18 build/obj/comm_can.o
                0x000000000801a340                comm_can_get_status_msg_index
 *fill*         0x000000000801a358        0x8 
 .text.led_external_set_state
                0x000000000801a360        0xc build/obj/led_external.o
                0x000000000801a360                led_external_set_state
 *fill*         0x000000000801a36c        0x4 
 .text.led_external_set_reversed
                0x000000000801a370        0xc build/obj/led_external.o
                0x000000000801a370                led_external_set_reversed
 *fill*         0x000000000801a37c        0x4 
 .text.encoder_read_deg
                0x000000000801a380       0x30 build/obj/encoder.o
                0x000000000801a380                encoder_read_deg
 .text.encoder_reset
                0x000000000801a3b0       0x18 build/obj/encoder.o
                0x000000000801a3b0                encoder_reset
 *fill*         0x000000000801a3c8        0x8 
 .text.encoder_index_found
                0x000000000801a3d0        0xc build/obj/encoder.o
                0x000000000801a3d0                encoder_index_found
 *fill*         0x000000000801a3dc        0x4 
 .text.flash_helper_erase_new_app
                0x000000000801a3e0       0x70 build/obj/flash_helper.o
                0x000000000801a3e0                flash_helper_erase_new_app
 .text.flash_helper_write_new_app_data
                0x000000000801a450       0x60 build/obj/flash_helper.o
                0x000000000801a450                flash_helper_write_new_app_data
 .text.flash_helper_jump_to_bootloader
                0x000000000801a4b0       0x8c build/obj/flash_helper.o
                0x000000000801a4b0                flash_helper_jump_to_bootloader
 *fill*         0x000000000801a53c        0x4 
 .text.flash_helper_get_sector_address
                0x000000000801a540       0x28 build/obj/flash_helper.o
                0x000000000801a540                flash_helper_get_sector_address
 *fill*         0x000000000801a568        0x8 
 .text.sample_send_thread
                0x000000000801a570      0x130 build/obj/mc_interface.o
 .text.mc_interface_init
                0x000000000801a6a0      0x154 build/obj/mc_interface.o
                0x000000000801a6a0                mc_interface_init
 *fill*         0x000000000801a7f4        0xc 
 .text.mc_interface_get_configuration
                0x000000000801a800        0x8 build/obj/mc_interface.o
                0x000000000801a800                mc_interface_get_configuration
 *fill*         0x000000000801a808        0x8 
 .text.mc_interface_dccal_done
                0x000000000801a810       0x20 build/obj/mc_interface.o
                0x000000000801a810                mc_interface_dccal_done
 .text.mc_interface_lock
                0x000000000801a830        0xc build/obj/mc_interface.o
                0x000000000801a830                mc_interface_lock
 *fill*         0x000000000801a83c        0x4 
 .text.mc_interface_unlock
                0x000000000801a840        0xc build/obj/mc_interface.o
                0x000000000801a840                mc_interface_unlock
 *fill*         0x000000000801a84c        0x4 
 .text.mc_interface_lock_override_once
                0x000000000801a850        0xc build/obj/mc_interface.o
                0x000000000801a850                mc_interface_lock_override_once
 *fill*         0x000000000801a85c        0x4 
 .text.mc_interface_get_fault
                0x000000000801a860        0xc build/obj/mc_interface.o
                0x000000000801a860                mc_interface_get_fault
 *fill*         0x000000000801a86c        0x4 
 .text.mc_interface_fault_to_string
                0x000000000801a870       0x18 build/obj/mc_interface.o
                0x000000000801a870                mc_interface_fault_to_string
 *fill*         0x000000000801a888        0x8 
 .text.mc_interface_get_state
                0x000000000801a890       0x20 build/obj/mc_interface.o
                0x000000000801a890                mc_interface_get_state
 .text.mc_interface_get_duty_cycle_now
                0x000000000801a8b0       0x24 build/obj/mc_interface.o
                0x000000000801a8b0                mc_interface_get_duty_cycle_now
 *fill*         0x000000000801a8d4        0xc 
 .text.mc_interface_get_switching_frequency_now
                0x000000000801a8e0       0x24 build/obj/mc_interface.o
                0x000000000801a8e0                mc_interface_get_switching_frequency_now
 *fill*         0x000000000801a904        0xc 
 .text.mc_interface_get_rpm
                0x000000000801a910       0x24 build/obj/mc_interface.o
                0x000000000801a910                mc_interface_get_rpm
 *fill*         0x000000000801a934        0xc 
 .text.mc_interface_get_amp_hours
                0x000000000801a940       0x20 build/obj/mc_interface.o
                0x000000000801a940                mc_interface_get_amp_hours
 .text.mc_interface_get_amp_hours_charged
                0x000000000801a960       0x20 build/obj/mc_interface.o
                0x000000000801a960                mc_interface_get_amp_hours_charged
 .text.mc_interface_get_watt_hours
                0x000000000801a980       0x24 build/obj/mc_interface.o
                0x000000000801a980                mc_interface_get_watt_hours
 *fill*         0x000000000801a9a4        0xc 
 .text.mc_interface_get_watt_hours_charged
                0x000000000801a9b0       0x20 build/obj/mc_interface.o
                0x000000000801a9b0                mc_interface_get_watt_hours_charged
 .text.mc_interface_get_tot_current
                0x000000000801a9d0       0x24 build/obj/mc_interface.o
                0x000000000801a9d0                mc_interface_get_tot_current
 *fill*         0x000000000801a9f4        0xc 
 .text.mc_interface_get_tot_current_filtered
                0x000000000801aa00       0x24 build/obj/mc_interface.o
                0x000000000801aa00                mc_interface_get_tot_current_filtered
 *fill*         0x000000000801aa24        0xc 
 .text.mc_interface_get_tot_current_directional
                0x000000000801aa30       0x24 build/obj/mc_interface.o
                0x000000000801aa30                mc_interface_get_tot_current_directional
 *fill*         0x000000000801aa54        0xc 
 .text.mc_interface_get_tot_current_directional_filtered
                0x000000000801aa60       0x24 build/obj/mc_interface.o
                0x000000000801aa60                mc_interface_get_tot_current_directional_filtered
 *fill*         0x000000000801aa84        0xc 
 .text.mc_interface_get_tot_current_in_filtered
                0x000000000801aa90       0x24 build/obj/mc_interface.o
                0x000000000801aa90                mc_interface_get_tot_current_in_filtered
 *fill*         0x000000000801aab4        0xc 
 .text.mc_interface_get_tachometer_value
                0x000000000801aac0       0x20 build/obj/mc_interface.o
                0x000000000801aac0                mc_interface_get_tachometer_value
 .text.mc_interface_get_tachometer_abs_value
                0x000000000801aae0       0x20 build/obj/mc_interface.o
                0x000000000801aae0                mc_interface_get_tachometer_abs_value
 .text.mc_interface_get_last_inj_adc_isr_duration
                0x000000000801ab00       0x24 build/obj/mc_interface.o
                0x000000000801ab00                mc_interface_get_last_inj_adc_isr_duration
 *fill*         0x000000000801ab24        0xc 
 .text.mc_interface_read_reset_avg_motor_current
                0x000000000801ab30       0x20 build/obj/mc_interface.o
                0x000000000801ab30                mc_interface_read_reset_avg_motor_current
 .text.mc_interface_read_reset_avg_input_current
                0x000000000801ab50       0x20 build/obj/mc_interface.o
                0x000000000801ab50                mc_interface_read_reset_avg_input_current
 .text.mc_interface_get_pid_pos_set
                0x000000000801ab70        0xc build/obj/mc_interface.o
                0x000000000801ab70                mc_interface_get_pid_pos_set
 *fill*         0x000000000801ab7c        0x4 
 .text.mc_interface_get_pid_pos_now
                0x000000000801ab80       0x24 build/obj/mc_interface.o
                0x000000000801ab80                mc_interface_get_pid_pos_now
 *fill*         0x000000000801aba4        0xc 
 .text.mc_interface_get_last_sample_adc_isr_duration
                0x000000000801abb0        0xc build/obj/mc_interface.o
                0x000000000801abb0                mc_interface_get_last_sample_adc_isr_duration
 *fill*         0x000000000801abbc        0x4 
 .text.mc_interface_sample_print_data
                0x000000000801abc0       0x48 build/obj/mc_interface.o
                0x000000000801abc0                mc_interface_sample_print_data
 *fill*         0x000000000801ac08        0x8 
 .text.mc_interface_try_input
                0x000000000801ac10       0x40 build/obj/mc_interface.o
                0x000000000801ac10                mc_interface_try_input
 .text.mc_interface_set_duty
                0x000000000801ac50       0x48 build/obj/mc_interface.o
                0x000000000801ac50                mc_interface_set_duty
 *fill*         0x000000000801ac98        0x8 
 .text.mc_interface_set_pid_speed
                0x000000000801aca0       0x48 build/obj/mc_interface.o
                0x000000000801aca0                mc_interface_set_pid_speed
 *fill*         0x000000000801ace8        0x8 
 .text.mc_interface_set_pid_pos
                0x000000000801acf0       0x54 build/obj/mc_interface.o
                0x000000000801acf0                mc_interface_set_pid_pos
 *fill*         0x000000000801ad44        0xc 
 .text.mc_interface_set_current
                0x000000000801ad50       0x48 build/obj/mc_interface.o
                0x000000000801ad50                mc_interface_set_current
 *fill*         0x000000000801ad98        0x8 
 .text.mc_interface_release_motor
                0x000000000801ada0        0xc build/obj/mc_interface.o
                0x000000000801ada0                mc_interface_release_motor
 *fill*         0x000000000801adac        0x4 
 .text.mc_interface_set_brake_current
                0x000000000801adb0       0x48 build/obj/mc_interface.o
                0x000000000801adb0                mc_interface_set_brake_current
 *fill*         0x000000000801adf8        0x8 
 .text.mc_interface_fault_stop
                0x000000000801ae00      0x144 build/obj/mc_interface.o
                0x000000000801ae00                mc_interface_fault_stop
 *fill*         0x000000000801af44        0xc 
 .text.update_override_limits.constprop.2
                0x000000000801af50      0x1c8 build/obj/mc_interface.o
 *fill*         0x000000000801b118        0x8 
 .text.mc_interface_set_configuration
                0x000000000801b120       0x8c build/obj/mc_interface.o
                0x000000000801b120                mc_interface_set_configuration
 *fill*         0x000000000801b1ac        0x4 
 .text.timer_thread
                0x000000000801b1b0       0x60 build/obj/mc_interface.o
 .text.mc_interface_mc_timer_isr
                0x000000000801b210      0x4a4 build/obj/mc_interface.o
                0x000000000801b210                mc_interface_mc_timer_isr
 *fill*         0x000000000801b6b4        0xc 
 .text.mc_interface_adc_inj_int_handler
                0x000000000801b6c0       0x1c build/obj/mc_interface.o